#
# There is insufficient memory for the Java Runtime Environment to continue.
# Native memory allocation (mmap) failed to map 266338304 bytes for Failed to commit area from 0x0000000702000000 to 0x0000000711e00000 of length 266338304.
# Possible reasons:
#   The system is out of physical RAM or swap space
#   The process is running with CompressedOops enabled, and the Java Heap may be blocking the growth of the native heap
# Possible solutions:
#   Reduce memory load on the system
#   Increase physical memory or swap space
#   Check if swap backing store is full
#   Decrease Java heap size (-Xmx/-Xms)
#   Decrease number of Java threads
#   Decrease Java thread stack sizes (-Xss)
#   Set larger code cache with -XX:ReservedCodeCacheSize=
# This output file may be truncated or incomplete.
#
#  Out of Memory Error (./src/hotspot/os/windows/os_windows.cpp:3619), pid=9660, tid=5696
#
# JRE version:  (11.0.13) (build )
# Java VM: OpenJDK 64-Bit Server VM (11.0.13+0-b1751.21-8125866, mixed mode, sharing, tiered, compressed oops, g1 gc, windows-amd64)
# No core dump will be written. Minidumps are not enabled by default on client versions of Windows
#

---------------  S U M M A R Y ------------

Command Line: git4idea.http.GitAskPassApp Username for 'https://github.com': 

Host: Intel(R) Core(TM) i7-7500U CPU @ 2.70GHz, 4 cores, 15G,  Windows 10 , 64 bit Build 19041 (10.0.19041.3155)
Time: Sun Sep  3 04:24:01 2023 Sri Lanka Standard Time elapsed time: 0.075969 seconds (0d 0h 0m 0s)

---------------  T H R E A D  ---------------

Current thread (0x000001c9d9011000):  JavaThread "Unknown thread" [_thread_in_vm, id=5696, stack(0x0000000ee2400000,0x0000000ee2500000)]

Stack: [0x0000000ee2400000,0x0000000ee2500000]
Native frames: (J=compiled Java code, j=interpreted, Vv=VM code, C=native code)
V  [jvm.dll+0x6100fa]
V  [jvm.dll+0x747090]
V  [jvm.dll+0x7486ad]
V  [jvm.dll+0x748d83]
V  [jvm.dll+0x24ab48]
V  [jvm.dll+0x60d164]
V  [jvm.dll+0x601e75]
V  [jvm.dll+0x308bdb]
V  [jvm.dll+0x308b4a]
V  [jvm.dll+0x308a22]
V  [jvm.dll+0x30d986]
V  [jvm.dll+0x357093]
V  [jvm.dll+0x357796]
V  [jvm.dll+0x357193]
V  [jvm.dll+0x2e3448]
V  [jvm.dll+0x2e45f7]
V  [jvm.dll+0x7242e7]
V  [jvm.dll+0x725adc]
V  [jvm.dll+0x364629]
V  [jvm.dll+0x707cee]
V  [jvm.dll+0x3d2633]
V  [jvm.dll+0x3d4a21]
C  [jli.dll+0x536b]
C  [ucrtbase.dll+0x21bb2]
C  [KERNEL32.DLL+0x17614]
C  [ntdll.dll+0x526b1]


---------------  P R O C E S S  ---------------

Threads class SMR info:
_java_thread_list=0x000001c9d6ec31b0, length=0, elements={
}

Java Threads: ( => current thread )

Other Threads:
  0x000001c9d9029000 GCTaskThread "GC Thread#0" [stack: 0x0000000ee2500000,0x0000000ee2600000] [id=24796]
  0x000001c9d9084800 ConcurrentGCThread "G1 Main Marker" [stack: 0x0000000ee2600000,0x0000000ee2700000] [id=27256]
  0x000001c9d9086000 ConcurrentGCThread "G1 Conc#0" [stack: 0x0000000ee2700000,0x0000000ee2800000] [id=15700]

[error occurred during error reporting (printing all threads), id 0xc0000005, EXCEPTION_ACCESS_VIOLATION (0xc0000005) at pc=0x00007ff9b1b33dd7]

VM state:not at safepoint (not fully initialized)

VM Mutex/Monitor currently owned by a thread:  ([mutex/lock_event])
[0x000001c9d900d4a0] Heap_lock - owner thread: 0x000001c9d9011000

Heap address: 0x0000000702000000, size: 4064 MB, Compressed Oops mode: Non-zero based: 0x0000000702000000
Narrow klass base: 0x0000000000000000, Narrow klass shift: 0

GC Heap History (0 events):
No events

Deoptimization events (0 events):
No events

Classes redefined (0 events):
No events

Internal exceptions (0 events):
No events

Events (1 events):
Event: 0.018 Loaded shared library D:\program files\Android\Android Studio\jre\bin\zip.dll


Dynamic libraries:
0x00007ff7d7da0000 - 0x00007ff7d7daa000 	D:\program files\Android\Android Studio\jre\bin\java.exe
0x00007ffa1be10000 - 0x00007ffa1c008000 	C:\WINDOWS\SYSTEM32\ntdll.dll
0x00007ffa1b930000 - 0x00007ffa1b9ef000 	C:\WINDOWS\System32\KERNEL32.DLL
0x00007ffa19af0000 - 0x00007ffa19de6000 	C:\WINDOWS\System32\KERNELBASE.dll
0x00007ffa19890000 - 0x00007ffa19990000 	C:\WINDOWS\System32\ucrtbase.dll
0x00007ffa08330000 - 0x00007ffa08349000 	D:\program files\Android\Android Studio\jre\bin\jli.dll
0x00007ffa1a260000 - 0x00007ffa1a3fd000 	C:\WINDOWS\System32\USER32.dll
0x00007ffa19df0000 - 0x00007ffa19e12000 	C:\WINDOWS\System32\win32u.dll
0x00007ffa19e70000 - 0x00007ffa19e9c000 	C:\WINDOWS\System32\GDI32.dll
0x00007ffa19770000 - 0x00007ffa19885000 	C:\WINDOWS\System32\gdi32full.dll
0x00007ffa196d0000 - 0x00007ffa1976d000 	C:\WINDOWS\System32\msvcp_win.dll
0x00007ffa07bf0000 - 0x00007ffa07c07000 	D:\program files\Android\Android Studio\jre\bin\VCRUNTIME140.dll
0x00007ff9fc490000 - 0x00007ff9fc72a000 	C:\WINDOWS\WinSxS\amd64_microsoft.windows.common-controls_6595b64144ccf1df_6.0.19041.1110_none_60b5254171f9507e\COMCTL32.dll
0x00007ffa1bad0000 - 0x00007ffa1bb6e000 	C:\WINDOWS\System32\msvcrt.dll
0x00007ffa1b7d0000 - 0x00007ffa1b800000 	C:\WINDOWS\System32\IMM32.DLL
0x00007ff9eccd0000 - 0x00007ff9ecd6d000 	D:\program files\Android\Android Studio\jre\bin\msvcp140.dll
0x00007ff9b1840000 - 0x00007ff9b2342000 	D:\program files\Android\Android Studio\jre\bin\server\jvm.dll
0x00007ffa1acb0000 - 0x00007ffa1ad5f000 	C:\WINDOWS\System32\ADVAPI32.dll
0x00007ffa1ad70000 - 0x00007ffa1ae0c000 	C:\WINDOWS\System32\sechost.dll
0x00007ffa1bb70000 - 0x00007ffa1bc96000 	C:\WINDOWS\System32\RPCRT4.dll
0x00007ffa1ad60000 - 0x00007ffa1ad68000 	C:\WINDOWS\System32\PSAPI.DLL
0x00007ff9feb70000 - 0x00007ff9feb79000 	C:\WINDOWS\SYSTEM32\WSOCK32.dll
0x00007ffa1b5c0000 - 0x00007ffa1b62b000 	C:\WINDOWS\System32\WS2_32.dll
0x00007ff9fce10000 - 0x00007ff9fce37000 	C:\WINDOWS\SYSTEM32\WINMM.dll
0x00007ffa13500000 - 0x00007ffa1350a000 	C:\WINDOWS\SYSTEM32\VERSION.dll
0x00007ffa17d20000 - 0x00007ffa17d32000 	C:\WINDOWS\SYSTEM32\kernel.appcore.dll
0x00007ff9ff690000 - 0x00007ff9ff6a1000 	D:\program files\Android\Android Studio\jre\bin\verify.dll
0x00007ffa09ca0000 - 0x00007ffa09e84000 	C:\WINDOWS\SYSTEM32\DBGHELP.DLL
0x00007ffa09c60000 - 0x00007ffa09c94000 	C:\WINDOWS\SYSTEM32\dbgcore.DLL
0x00007ffa195a0000 - 0x00007ffa19622000 	C:\WINDOWS\System32\bcryptPrimitives.dll
0x00007ff9f7e00000 - 0x00007ff9f7e29000 	D:\program files\Android\Android Studio\jre\bin\java.dll
0x00007ffa09740000 - 0x00007ffa0974b000 	D:\program files\Android\Android Studio\jre\bin\jimage.dll
0x00007ff9feea0000 - 0x00007ff9feeb8000 	D:\program files\Android\Android Studio\jre\bin\zip.dll

dbghelp: loaded successfully - version: 4.0.5 - missing functions: none
symbol engine: initialized successfully - sym options: 0x614 - pdb path: .;D:\program files\Android\Android Studio\jre\bin;C:\WINDOWS\SYSTEM32;C:\WINDOWS\WinSxS\amd64_microsoft.windows.common-controls_6595b64144ccf1df_6.0.19041.1110_none_60b5254171f9507e;D:\program files\Android\Android Studio\jre\bin\server

VM Arguments:
java_command: git4idea.http.GitAskPassApp Username for 'https://github.com': 
java_class_path (initial): D:/program files/Android/Android Studio/plugins/git4idea/lib/git4idea-rt.jar;D:/program files/Android/Android Studio/lib/3rd-party.jar;D:/program files/Android/Android Studio/lib/3rd-party-rt.jar
Launcher Type: SUN_STANDARD

[Global flags]
     intx CICompilerCount                          = 3                                         {product} {ergonomic}
     uint ConcGCThreads                            = 1                                         {product} {ergonomic}
     uint G1ConcRefinementThreads                  = 4                                         {product} {ergonomic}
   size_t G1HeapRegionSize                         = 1048576                                   {product} {ergonomic}
    uintx GCDrainStackTargetSize                   = 64                                        {product} {ergonomic}
   size_t InitialHeapSize                          = 266338304                                 {product} {ergonomic}
   size_t MarkStackSize                            = 4194304                                   {product} {ergonomic}
   size_t MaxHeapSize                              = 4261412864                                {product} {ergonomic}
   size_t MinHeapDeltaBytes                        = 1048576                                   {product} {ergonomic}
    uintx NonNMethodCodeHeapSize                   = 5830732                                {pd product} {ergonomic}
    uintx NonProfiledCodeHeapSize                  = 122913754                              {pd product} {ergonomic}
    uintx ProfiledCodeHeapSize                     = 122913754                              {pd product} {ergonomic}
    uintx ReservedCodeCacheSize                    = 251658240                              {pd product} {ergonomic}
     bool SegmentedCodeCache                       = true                                      {product} {ergonomic}
     bool UseCompressedClassPointers               = true                                 {lp64_product} {ergonomic}
     bool UseCompressedOops                        = true                                 {lp64_product} {ergonomic}
     bool UseG1GC                                  = true                                      {product} {ergonomic}
     bool UseLargePagesIndividualAllocation        = false                                  {pd product} {ergonomic}

Logging:
Log output configuration:
 #0: stdout all=warning uptime,level,tags
 #1: stderr all=off uptime,level,tags

Environment Variables:
JAVA_HOME=D:\program files\Java\jdk-15.0.2
JRE_HOME=D:\program files\Java\jdk-15.0.2
PATH=C:\Program Files\Git\mingw64\libexec\git-core;C:\Program Files\Git\mingw64\libexec\git-core;C:\Program Files\Git\mingw64\bin;C:\Program Files\Git\usr\bin;C:\Users\dulshan\bin;C:\Python311\Scripts;C:\Python311;C:\Program Files\Common Files\Oracle\Java\javapath;C:\Program Files (x86)\Common Files\Intel\Shared Libraries\redist\intel64\compiler;C:\Program Files (x86)\Common Files\Oracle\Java\javapath;C:\Program Files\Java\jdk1.8.0_181\bin;C:\ProgramData\Oracle\Java\javapath;C:\Program Files (x86)\Common Files\Intel\Shared Files\cpp\bin\Intel64;C:\WINDOWS\system32;C:\WINDOWS;C:\WINDOWS\System32\Wbem;C:\WINDOWS\System32\WindowsPowerShell\v1.0;C:\Users\dulshan\.dnx\bin;C:\Program Files\Microsoft DNX\Dnvm;C:\Program Files (x86)\Microsoft SQL Server\Client SDK\ODBC\110\Tools\Binn;C:\Program Files (x86)\Microsoft SQL Server\120\Tools\Binn;C:\Program Files (x86)\Microsoft SQL Server\120\DTS\Binn;C:\Program Files (x86)\Microsoft SQL Server\120\Tools\Binn\ManagementStudio;C:\WINDOWS\System32\OpenSSH;C:\Program Files (x86)\NVIDIA Corporation\PhysX\Common;C:\Program Files\NVIDIA Corporation\NVIDIA NvDLISR;C:\Program Files (x86)\Windows Live\Shared;C:\Program Files\MySQL\MySQL Utilities 1.6;C:\WINDOWS\system32;C:\WINDOWS;C:\WINDOWS\System32\Wbem;C:\WINDOWS\System32\WindowsPowerShell\v1.0;C:\WINDOWS\System32\OpenSSH;C:\Program Files\Java\jre1.8.0_181\bin;D:\Softwares\Flutter\flutter\bin;D:\Softwares\Dart\dart-sdk\bin;D:\Android\sdk\platform-tools;D:\Android\sdk\tools;C:\Program Files\Git\cmd;C:\ProgramData\chocolatey\bin;D:\Softwares\Apache\Maven\apache-maven-3.8.7\bin;D:\program files\Java\jdk-15.0.2;D:\Program Files\nodejs;C:\Program Files\MySQL\MySQL Shell 8.0\bin;E:\Program Files\Python\Scripts;E:\Program Files\Python;C:\Users\dulshan\AppData\Local\Microsoft\WindowsApps;C:\Program Files\Java\jdk1.8.0_181;C:\Program Files\JetBrains\PhpStorm 2018.3.1\bin;C:\Program Files\JetBrains\IntelliJ IDEA 2019.2.1\bin;C:\ProgramData\dulshan\GitHubDesktop\bin;E:\Programs\Microsoft VS Code\b
USERNAME=dulshan
DISPLAY=:0.0
LC_ALL=en_US.UTF-8
OS=Windows_NT
PROCESSOR_IDENTIFIER=Intel64 Family 6 Model 142 Stepping 9, GenuineIntel



---------------  S Y S T E M  ---------------

OS: Windows 10 , 64 bit Build 19041 (10.0.19041.3155)
OS uptime: 2 days 1:26 hours

CPU:total 4 (initial active 4) (2 cores per cpu, 2 threads per core) family 6 model 142 stepping 9 microcode 0xb4, cmov, cx8, fxsr, mmx, sse, sse2, sse3, ssse3, sse4.1, sse4.2, popcnt, avx, avx2, aes, clmul, erms, 3dnowpref, lzcnt, ht, tsc, tscinvbit, bmi1, bmi2, adx, fma

Memory: 4k page, system-wide physical 16252M (974M free)
TotalPageFile size 48252M (AvailPageFile size 240M)
current process WorkingSet (physical memory assigned to process): 10M, peak: 10M
current process commit charge ("private bytes"): 52M, peak: 305M

vm_info: OpenJDK 64-Bit Server VM (11.0.13+0-b1751.21-8125866) for windows-amd64 JRE (11.0.13+0-b1751.21-8125866), built on Feb  2 2022 03:00:22 by "builder" with MS VC++ 14.0 (VS2015)

END.
